[
  {
    "name": "TypeCheck",
    "run": "vehicle compile -s test-mnist.vcl -t TypeCheck",
    "needs": ["test-mnist.vcl"]
  },
  {
    "name": "LossFunction",
    "run": "vehicle compile -s test-mnist.vcl -t LossFunction -o test-mnist.loss.json",
    "needs": ["test-mnist.vcl"],
    "produces": ["test-mnist.loss.json"]
  }
]
